// Jest Snapshot v1, https://goo.gl/fbAQLP

exports[`renders FilterSort component 1`] = `[Function]`;
